building docker image in case it's not up-to-date
create docker network if in case it doesn't exist
start containers
save empty db
save long string
resize to get rid of long string
save post
stop containers
building docker image in case it's not up-to-date
create docker network if in case it doesn't exist
start containers
get post after restarting containers
post again
save post on shutdown
stop containers
building docker image in case it's not up-to-date
create docker network if in case it doesn't exist
start containers
get post after restarting containers
stop containers
